Collecting fastapi==0.115.0 (from -r requirements.txt (line 1))
  Using cached fastapi-0.115.0-py3-none-any.whl.metadata (27 kB)
Collecting uvicorn==0.30.6 (from uvicorn[standard]==0.30.6->-r requirements.txt (line 2))
  Using cached uvicorn-0.30.6-py3-none-any.whl.metadata (6.6 kB)
Collecting sqlalchemy==2.0.35 (from -r requirements.txt (line 3))
  Using cached SQLAlchemy-2.0.35-cp312-cp312-win_amd64.whl.metadata (9.9 kB)
Collecting alembic==1.13.3 (from -r requirements.txt (line 4))
  Using cached alembic-1.13.3-py3-none-any.whl.metadata (7.4 kB)
Collecting pydantic==2.9.2 (from -r requirements.txt (line 5))
  Using cached pydantic-2.9.2-py3-none-any.whl.metadata (149 kB)
Collecting pydantic-settings==2.5.2 (from -r requirements.txt (line 6))
  Using cached pydantic_settings-2.5.2-py3-none-any.whl.metadata (3.5 kB)
Collecting httpx==0.27.2 (from -r requirements.txt (line 7))
  Using cached httpx-0.27.2-py3-none-any.whl.metadata (7.1 kB)
Collecting tenacity==9.0.0 (from -r requirements.txt (line 8))
  Using cached tenacity-9.0.0-py3-none-any.whl.metadata (1.2 kB)
Collecting xgboost==2.1.1 (from -r requirements.txt (line 9))
  Using cached xgboost-2.1.1-py3-none-win_amd64.whl.metadata (2.1 kB)
Collecting scikit-learn==1.5.2 (from -r requirements.txt (line 10))
  Using cached scikit_learn-1.5.2-cp312-cp312-win_amd64.whl.metadata (13 kB)
Collecting numpy==1.26.4 (from -r requirements.txt (line 11))
  Using cached numpy-1.26.4-cp312-cp312-win_amd64.whl.metadata (61 kB)
Collecting pandas==2.2.3 (from -r requirements.txt (line 12))
  Using cached pandas-2.2.3-cp312-cp312-win_amd64.whl.metadata (19 kB)
Collecting scipy==1.14.1 (from -r requirements.txt (line 13))
  Using cached scipy-1.14.1-cp312-cp312-win_amd64.whl.metadata (60 kB)
Collecting shap==0.46.0 (from -r requirements.txt (line 14))
  Using cached shap-0.46.0-cp312-cp312-win_amd64.whl.metadata (25 kB)
Collecting fastf1==3.4.0 (from -r requirements.txt (line 15))
  Using cached fastf1-3.4.0-py3-none-any.whl.metadata (4.0 kB)
Collecting python-dotenv==1.0.1 (from -r requirements.txt (line 16))
  Using cached python_dotenv-1.0.1-py3-none-any.whl.metadata (23 kB)
Collecting aiofiles==24.1.0 (from -r requirements.txt (line 17))
  Using cached aiofiles-24.1.0-py3-none-any.whl.metadata (10 kB)
Collecting cachetools==5.5.0 (from -r requirements.txt (line 18))
  Using cached cachetools-5.5.0-py3-none-any.whl.metadata (5.3 kB)
Collecting structlog==24.4.0 (from -r requirements.txt (line 19))
  Using cached structlog-24.4.0-py3-none-any.whl.metadata (7.3 kB)
Collecting pytest==8.3.3 (from -r requirements.txt (line 20))
  Using cached pytest-8.3.3-py3-none-any.whl.metadata (7.5 kB)
Collecting pytest-asyncio==0.24.0 (from -r requirements.txt (line 21))
  Using cached pytest_asyncio-0.24.0-py3-none-any.whl.metadata (3.9 kB)
Collecting aiosqlite==0.20.0 (from -r requirements.txt (line 22))
  Using cached aiosqlite-0.20.0-py3-none-any.whl.metadata (4.3 kB)
Collecting joblib==1.4.2 (from -r requirements.txt (line 23))
  Using cached joblib-1.4.2-py3-none-any.whl.metadata (5.4 kB)
Collecting starlette<0.39.0,>=0.37.2 (from fastapi==0.115.0->-r requirements.txt (line 1))
  Using cached starlette-0.38.6-py3-none-any.whl.metadata (6.0 kB)
Collecting typing-extensions>=4.8.0 (from fastapi==0.115.0->-r requirements.txt (line 1))
  Using cached typing_extensions-4.16.0-py3-none-any.whl.metadata (3.3 kB)
Collecting annotated-types>=0.6.0 (from pydantic==2.9.2->-r requirements.txt (line 5))
  Using cached annotated_types-0.8.0-py3-none-any.whl.metadata (15 kB)
Collecting pydantic-core==2.23.4 (from pydantic==2.9.2->-r requirements.txt (line 5))
  Using cached pydantic_core-2.23.4-cp312-none-win_amd64.whl.metadata (6.7 kB)
Collecting click>=7.0 (from uvicorn==0.30.6->uvicorn[standard]==0.30.6->-r requirements.txt (line 2))
  Using cached click-8.5.0-py3-none-any.whl.metadata (2.6 kB)
Collecting h11>=0.8 (from uvicorn==0.30.6->uvicorn[standard]==0.30.6->-r requirements.txt (line 2))
  Using cached h11-0.16.0-py3-none-any.whl.metadata (8.3 kB)
Collecting greenlet!=0.4.17 (from sqlalchemy==2.0.35->-r requirements.txt (line 3))
  Using cached greenlet-3.5.5-cp312-cp312-win_amd64.whl.metadata (3.9 kB)
Collecting Mako (from alembic==1.13.3->-r requirements.txt (line 4))
  Using cached mako-1.4.1-py3-none-any.whl.metadata (2.9 kB)
Collecting anyio (from httpx==0.27.2->-r requirements.txt (line 7))
  Using cached anyio-4.15.1-py3-none-any.whl.metadata (4.7 kB)
Collecting certifi (from httpx==0.27.2->-r requirements.txt (line 7))
  Using cached certifi-2026.7.22-py3-none-any.whl.metadata (2.5 kB)
Collecting httpcore==1.* (from httpx==0.27.2->-r requirements.txt (line 7))
  Using cached httpcore-1.0.9-py3-none-any.whl.metadata (21 kB)
Collecting idna (from httpx==0.27.2->-r requirements.txt (line 7))
  Using cached idna-3.19-py3-none-any.whl.metadata (9.2 kB)
Collecting sniffio (from httpx==0.27.2->-r requirements.txt (line 7))
  Using cached sniffio-1.3.1-py3-none-any.whl.metadata (3.9 kB)
Collecting threadpoolctl>=3.1.0 (from scikit-learn==1.5.2->-r requirements.txt (line 10))
  Using cached threadpoolctl-3.6.0-py3-none-any.whl.metadata (13 kB)
Collecting python-dateutil>=2.8.2 (from pandas==2.2.3->-r requirements.txt (line 12))
  Using cached python_dateutil-2.9.0.post0-py2.py3-none-any.whl.metadata (8.4 kB)
Collecting pytz>=2020.1 (from pandas==2.2.3->-r requirements.txt (line 12))
  Using cached pytz-2026.3.post1-py2.py3-none-any.whl.metadata (22 kB)
Collecting tzdata>=2022.7 (from pandas==2.2.3->-r requirements.txt (line 12))
  Using cached tzdata-2026.3-py2.py3-none-any.whl.metadata (1.4 kB)
Collecting tqdm>=4.27.0 (from shap==0.46.0->-r requirements.txt (line 14))
  Using cached tqdm-4.70.1-py3-none-any.whl.metadata (57 kB)
Collecting packaging>20.9 (from shap==0.46.0->-r requirements.txt (line 14))
  Using cached packaging-26.3-py3-none-any.whl.metadata (3.5 kB)
Collecting slicer==0.0.8 (from shap==0.46.0->-r requirements.txt (line 14))
  Using cached slicer-0.0.8-py3-none-any.whl.metadata (4.0 kB)
Collecting numba (from shap==0.46.0->-r requirements.txt (line 14))
  Using cached numba-0.67.0-cp312-cp312-win_amd64.whl.metadata (2.8 kB)
Collecting cloudpickle (from shap==0.46.0->-r requirements.txt (line 14))
  Using cached cloudpickle-3.1.2-py3-none-any.whl.metadata (7.1 kB)
Collecting matplotlib<4.0.0,>=3.5.1 (from fastf1==3.4.0->-r requirements.txt (line 15))
  Using cached matplotlib-3.11.2-cp312-cp312-win_amd64.whl.metadata (80 kB)
Collecting rapidfuzz (from fastf1==3.4.0->-r requirements.txt (line 15))
  Using cached rapidfuzz-3.14.6-cp312-cp312-win_amd64.whl.metadata (12 kB)
Collecting requests-cache>=1.0.0 (from fastf1==3.4.0->-r requirements.txt (line 15))
  Using cached requests_cache-1.3.3-py3-none-any.whl.metadata (9.4 kB)
Collecting requests>=2.28.1 (from fastf1==3.4.0->-r requirements.txt (line 15))
  Using cached requests-2.34.2-py3-none-any.whl.metadata (4.8 kB)
Collecting timple>=0.1.6 (from fastf1==3.4.0->-r requirements.txt (line 15))
  Using cached timple-0.1.8-py3-none-any.whl.metadata (2.0 kB)
Collecting websockets>=10.3 (from fastf1==3.4.0->-r requirements.txt (line 15))
  Using cached websockets-17.1-cp312-cp312-win_amd64.whl.metadata (6.5 kB)
Collecting iniconfig (from pytest==8.3.3->-r requirements.txt (line 20))
  Using cached iniconfig-2.3.0-py3-none-any.whl.metadata (2.5 kB)
Collecting pluggy<2,>=1.5 (from pytest==8.3.3->-r requirements.txt (line 20))
  Using cached pluggy-1.6.0-py3-none-any.whl.metadata (4.8 kB)
Collecting colorama (from pytest==8.3.3->-r requirements.txt (line 20))
  Using cached colorama-0.4.6-py2.py3-none-any.whl.metadata (17 kB)
Collecting httptools>=0.5.0 (from uvicorn[standard]==0.30.6->-r requirements.txt (line 2))
  Using cached httptools-0.8.0-cp312-cp312-win_amd64.whl.metadata (3.7 kB)
Collecting pyyaml>=5.1 (from uvicorn[standard]==0.30.6->-r requirements.txt (line 2))
  Using cached pyyaml-6.0.3-cp312-cp312-win_amd64.whl.metadata (2.4 kB)
Collecting watchfiles>=0.13 (from uvicorn[standard]==0.30.6->-r requirements.txt (line 2))
  Using cached watchfiles-1.2.0-cp312-cp312-win_amd64.whl.metadata (5.0 kB)
Collecting contourpy>=1.0.1 (from matplotlib<4.0.0,>=3.5.1->fastf1==3.4.0->-r requirements.txt (line 15))
  Using cached contourpy-1.4.0-cp312-cp312-win_amd64.whl.metadata (3.8 kB)
Collecting cycler>=0.10 (from matplotlib<4.0.0,>=3.5.1->fastf1==3.4.0->-r requirements.txt (line 15))
  Using cached cycler-0.12.1-py3-none-any.whl.metadata (3.8 kB)
Collecting fonttools>=4.28.2 (from matplotlib<4.0.0,>=3.5.1->fastf1==3.4.0->-r requirements.txt (line 15))
  Using cached fonttools-4.65.0-cp312-cp312-win_amd64.whl.metadata (127 kB)
Collecting kiwisolver>=1.3.1 (from matplotlib<4.0.0,>=3.5.1->fastf1==3.4.0->-r requirements.txt (line 15))
  Using cached kiwisolver-1.5.1-cp312-cp312-win_amd64.whl.metadata (5.2 kB)
Collecting pillow>=9 (from matplotlib<4.0.0,>=3.5.1->fastf1==3.4.0->-r requirements.txt (line 15))
  Using cached pillow-12.3.0-cp312-cp312-win_amd64.whl.metadata (9.3 kB)
Collecting pyparsing>=3 (from matplotlib<4.0.0,>=3.5.1->fastf1==3.4.0->-r requirements.txt (line 15))
  Using cached pyparsing-3.3.2-py3-none-any.whl.metadata (5.8 kB)
INFO: pip is looking at multiple versions of contourpy to determine which version is compatible with other requirements. This could take a while.
Collecting contourpy>=1.0.1 (from matplotlib<4.0.0,>=3.5.1->fastf1==3.4.0->-r requirements.txt (line 15))
  Using cached contourpy-1.3.3-cp312-cp312-win_amd64.whl.metadata (5.5 kB)
Collecting six>=1.5 (from python-dateutil>=2.8.2->pandas==2.2.3->-r requirements.txt (line 12))
  Using cached six-1.17.0-py2.py3-none-any.whl.metadata (1.7 kB)
Collecting charset_normalizer<4,>=2 (from requests>=2.28.1->fastf1==3.4.0->-r requirements.txt (line 15))
  Using cached charset_normalizer-3.5.1-cp312-cp312-win_amd64.whl.metadata (46 kB)
Collecting urllib3<3,>=1.26 (from requests>=2.28.1->fastf1==3.4.0->-r requirements.txt (line 15))
  Using cached urllib3-2.7.0-py3-none-any.whl.metadata (6.9 kB)
Collecting attrs>=21.2 (from requests-cache>=1.0.0->fastf1==3.4.0->-r requirements.txt (line 15))
  Using cached attrs-26.1.0-py3-none-any.whl.metadata (8.8 kB)
Collecting cattrs>=22.2 (from requests-cache>=1.0.0->fastf1==3.4.0->-r requirements.txt (line 15))
  Using cached cattrs-26.2.0-py3-none-any.whl.metadata (8.5 kB)
Collecting platformdirs>=2.5 (from requests-cache>=1.0.0->fastf1==3.4.0->-r requirements.txt (line 15))
  Using cached platformdirs-4.11.8-py3-none-any.whl.metadata (5.5 kB)
Collecting url-normalize>=2.0 (from requests-cache>=1.0.0->fastf1==3.4.0->-r requirements.txt (line 15))
  Using cached url_normalize-3.0.0-py3-none-any.whl.metadata (7.5 kB)
Collecting MarkupSafe>=2.0 (from Mako->alembic==1.13.3->-r requirements.txt (line 4))
  Using cached markupsafe-3.0.3-cp312-cp312-win_amd64.whl.metadata (2.8 kB)
Collecting llvmlite<0.50,>=0.49.0dev0 (from numba->shap==0.46.0->-r requirements.txt (line 14))
  Using cached llvmlite-0.49.0-cp312-cp312-win_amd64.whl.metadata (5.2 kB)
Using cached fastapi-0.115.0-py3-none-any.whl (94 kB)
Using cached pydantic-2.9.2-py3-none-any.whl (434 kB)
Using cached uvicorn-0.30.6-py3-none-any.whl (62 kB)
Using cached SQLAlchemy-2.0.35-cp312-cp312-win_amd64.whl (2.1 MB)
Using cached alembic-1.13.3-py3-none-any.whl (233 kB)
Using cached pydantic_settings-2.5.2-py3-none-any.whl (26 kB)
Using cached httpx-0.27.2-py3-none-any.whl (76 kB)
Using cached tenacity-9.0.0-py3-none-any.whl (28 kB)
Downloading xgboost-2.1.1-py3-none-win_amd64.whl (124.9 MB)
   ---------------------------------------- 124.9/124.9 MB 17.3 MB/s  0:00:07
Downloading scikit_learn-1.5.2-cp312-cp312-win_amd64.whl (11.0 MB)
   ---------------------------------------- 11.0/11.0 MB 11.1 MB/s  0:00:00
Downloading numpy-1.26.4-cp312-cp312-win_amd64.whl (15.5 MB)
   ---------------------------------------- 15.5/15.5 MB 10.7 MB/s  0:00:01
Downloading pandas-2.2.3-cp312-cp312-win_amd64.whl (11.5 MB)
   ---------------------------------------- 11.5/11.5 MB 15.0 MB/s  0:00:00
Downloading scipy-1.14.1-cp312-cp312-win_amd64.whl (44.5 MB)
   ---------------------------------------- 44.5/44.5 MB 16.1 MB/s  0:00:02
Downloading shap-0.46.0-cp312-cp312-win_amd64.whl (456 kB)
Downloading fastf1-3.4.0-py3-none-any.whl (148 kB)
Downloading python_dotenv-1.0.1-py3-none-any.whl (19 kB)
Downloading aiofiles-24.1.0-py3-none-any.whl (15 kB)
Downloading cachetools-5.5.0-py3-none-any.whl (9.5 kB)
Downloading structlog-24.4.0-py3-none-any.whl (67 kB)
Downloading pytest-8.3.3-py3-none-any.whl (342 kB)
Downloading pytest_asyncio-0.24.0-py3-none-any.whl (18 kB)
Downloading aiosqlite-0.20.0-py3-none-any.whl (15 kB)
Downloading joblib-1.4.2-py3-none-any.whl (301 kB)
Downloading pydantic_core-2.23.4-cp312-none-win_amd64.whl (1.9 MB)
   ---------------------------------------- 1.9/1.9 MB 13.2 MB/s  0:00:00
Downloading slicer-0.0.8-py3-none-any.whl (15 kB)
Downloading httpcore-1.0.9-py3-none-any.whl (78 kB)
Downloading matplotlib-3.11.2-cp312-cp312-win_amd64.whl (9.3 MB)
   ---------------------------------------- 9.3/9.3 MB 14.2 MB/s  0:00:00
Downloading pluggy-1.6.0-py3-none-any.whl (20 kB)
Downloading starlette-0.38.6-py3-none-any.whl (71 kB)
Downloading anyio-4.15.1-py3-none-any.whl (132 kB)
Downloading annotated_types-0.8.0-py3-none-any.whl (13 kB)
Downloading click-8.5.0-py3-none-any.whl (125 kB)
Using cached colorama-0.4.6-py2.py3-none-any.whl (25 kB)
Downloading contourpy-1.3.3-cp312-cp312-win_amd64.whl (226 kB)
Downloading cycler-0.12.1-py3-none-any.whl (8.3 kB)
Downloading fonttools-4.65.0-cp312-cp312-win_amd64.whl (2.5 MB)
   ---------------------------------------- 2.5/2.5 MB 14.1 MB/s  0:00:00
Downloading greenlet-3.5.5-cp312-cp312-win_amd64.whl (324 kB)
Downloading h11-0.16.0-py3-none-any.whl (37 kB)
Downloading httptools-0.8.0-cp312-cp312-win_amd64.whl (90 kB)
Downloading idna-3.19-py3-none-any.whl (68 kB)
Downloading kiwisolver-1.5.1-cp312-cp312-win_amd64.whl (70 kB)
Using cached packaging-26.3-py3-none-any.whl (129 kB)
Downloading pillow-12.3.0-cp312-cp312-win_amd64.whl (7.2 MB)
   ---------------------------------------- 7.2/7.2 MB 14.9 MB/s  0:00:00
Downloading pyparsing-3.3.2-py3-none-any.whl (122 kB)
Using cached python_dateutil-2.9.0.post0-py2.py3-none-any.whl (229 kB)
Downloading pytz-2026.3.post1-py2.py3-none-any.whl (508 kB)
Downloading pyyaml-6.0.3-cp312-cp312-win_amd64.whl (154 kB)
Downloading requests-2.34.2-py3-none-any.whl (73 kB)
Downloading charset_normalizer-3.5.1-cp312-cp312-win_amd64.whl (200 kB)
Downloading urllib3-2.7.0-py3-none-any.whl (131 kB)
Downloading certifi-2026.7.22-py3-none-any.whl (136 kB)
Downloading requests_cache-1.3.3-py3-none-any.whl (70 kB)
Using cached attrs-26.1.0-py3-none-any.whl (67 kB)
Downloading cattrs-26.2.0-py3-none-any.whl (74 kB)
Downloading platformdirs-4.11.8-py3-none-any.whl (24 kB)
Using cached six-1.17.0-py2.py3-none-any.whl (11 kB)
Downloading threadpoolctl-3.6.0-py3-none-any.whl (18 kB)
Downloading timple-0.1.8-py3-none-any.whl (17 kB)
Downloading tqdm-4.70.1-py3-none-any.whl (80 kB)
Downloading typing_extensions-4.16.0-py3-none-any.whl (45 kB)
Downloading tzdata-2026.3-py2.py3-none-any.whl (348 kB)
Downloading url_normalize-3.0.0-py3-none-any.whl (16 kB)
Downloading watchfiles-1.2.0-cp312-cp312-win_amd64.whl (288 kB)
Downloading websockets-17.1-cp312-cp312-win_amd64.whl (217 kB)
Downloading cloudpickle-3.1.2-py3-none-any.whl (22 kB)
Downloading iniconfig-2.3.0-py3-none-any.whl (7.5 kB)
Downloading mako-1.4.1-py3-none-any.whl (80 kB)
Downloading markupsafe-3.0.3-cp312-cp312-win_amd64.whl (15 kB)
Downloading numba-0.67.0-cp312-cp312-win_amd64.whl (2.8 MB)
   ---------------------------------------- 2.8/2.8 MB 18.1 MB/s  0:00:00
Downloading llvmlite-0.49.0-cp312-cp312-win_amd64.whl (41.9 MB)
   ---------------------------------------- 41.9/41.9 MB 18.2 MB/s  0:00:02
Downloading rapidfuzz-3.14.6-cp312-cp312-win_amd64.whl (1.7 MB)
   ---------------------------------------- 1.7/1.7 MB 15.6 MB/s  0:00:00
Downloading sniffio-1.3.1-py3-none-any.whl (10 kB)
Installing collected packages: pytz, websockets, urllib3, tzdata, typing-extensions, threadpoolctl, tenacity, structlog, sniffio, slicer, six, rapidfuzz, pyyaml, python-dotenv, pyparsing, pluggy, platformdirs, pillow, packaging, numpy, MarkupSafe, llvmlite, kiwisolver, joblib, iniconfig, idna, httptools, h11, greenlet, fonttools, cycler, colorama, cloudpickle, click, charset_normalizer, certifi, cachetools, attrs, annotated-types, aiofiles, uvicorn, url-normalize, tqdm, sqlalchemy, scipy, requests, python-dateutil, pytest, pydantic-core, numba, Mako, httpcore, contourpy, cattrs, anyio, aiosqlite, xgboost, watchfiles, starlette, scikit-learn, requests-cache, pytest-asyncio, pydantic, pandas, matplotlib, httpx, alembic, timple, shap, pydantic-settings, fastapi, fastf1

Successfully installed Mako-1.4.1 MarkupSafe-3.0.3 aiofiles-24.1.0 aiosqlite-0.20.0 alembic-1.13.3 annotated-types-0.8.0 anyio-4.15.1 attrs-26.1.0 cachetools-5.5.0 cattrs-26.2.0 certifi-2026.7.22 charset_normalizer-3.5.1 click-8.5.0 cloudpickle-3.1.2 colorama-0.4.6 contourpy-1.3.3 cycler-0.12.1 fastapi-0.115.0 fastf1-3.4.0 fonttools-4.65.0 greenlet-3.5.5 h11-0.16.0 httpcore-1.0.9 httptools-0.8.0 httpx-0.27.2 idna-3.19 iniconfig-2.3.0 joblib-1.4.2 kiwisolver-1.5.1 llvmlite-0.49.0 matplotlib-3.11.2 numba-0.67.0 numpy-1.26.4 packaging-26.3 pandas-2.2.3 pillow-12.3.0 platformdirs-4.11.8 pluggy-1.6.0 pydantic-2.9.2 pydantic-core-2.23.4 pydantic-settings-2.5.2 pyparsing-3.3.2 pytest-8.3.3 pytest-asyncio-0.24.0 python-dateutil-2.9.0.post0 python-dotenv-1.0.1 pytz-2026.3.post1 pyyaml-6.0.3 rapidfuzz-3.14.6 requests-2.34.2 requests-cache-1.3.3 scikit-learn-1.5.2 scipy-1.14.1 shap-0.46.0 six-1.17.0 slicer-0.0.8 sniffio-1.3.1 sqlalchemy-2.0.35 starlette-0.38.6 structlog-24.4.0 tenacity-9.0.0 threadpoolctl-3.6.0 timple-0.1.8 tqdm-4.70.1 typing-extensions-4.16.0 tzdata-2026.3 url-normalize-3.0.0 urllib3-2.7.0 uvicorn-0.30.6 watchfiles-1.2.0 websockets-17.1 xgboost-2.1.1
